52.483571 0
49.308678 0
53.238443 0
57.615149 0
48.829233 0
48.829315 0
57.896064 0
53.837174 0
47.652628 0
52.712800 0
47.682912 0
47.671351 0
51.209811 0
40.433599 0
41.375411 0
47.188562 0
44.935844 0
51.571237 0
45.459880 0
42.938481 0
57.328244 0
48.871118 0
50.337641 0
42.876259 0
47.278086 0
50.554613 0
44.245032 0
51.878490 0
46.996807 0
48.541531 0
46.991467 0
59.261391 0
49.932514 0
44.711445 0
54.112725 0
43.895782 0
51.044318 0
40.201649 0
43.359070 0
50.984306 0
53.692333 0
50.856841 0
49.421759 0
48.494482 0
42.607390 0
46.400779 0
47.696806 0
55.285611 0
51.718091 0
41.184799 0
51.620420 0
48.074589 0
46.615390 0
53.058381 0
55.154998 0
54.656401 0
45.803912 0
48.453938 0
51.656317 0
54.877726 0
47.604129 0
49.071705 0
44.468325 0
44.018967 0
54.062629 0
56.781200 0
49.639949 0
55.017664 0
51.808180 0
46.774401 0
51.806978 0
57.690183 0
49.820870 0
57.823218 0
36.901274 0
54.109513 0
50.435235 0
48.504963 0
50.458804 0
40.062155 0
48.901641 0
51.785563 0
57.389470 0
47.408649 0
45.957532 0
47.491215 0
54.577011 0
51.643756 0
47.351199 0
52.566337 0
50.485388 0
54.843225 0
46.489735 0
48.361689 0
48.039459 0
42.682425 0
51.480601 0
51.305276 0
50.025567 0
48.827064 0
72.923146 1
77.896773 1
78.286427 1
75.988614 1
79.193571 1
52.020254 0
59.430930 0
50.872889 0
51.287752 0
49.627770 0
40.406144 0
49.867431 0
50.301151 0
62.316211 0
49.038195 0
51.507737 0
49.826441 0
44.156610 0
55.714114 0
53.759665 0
53.955160 0
45.453063 0
57.013972 0
42.990745 0
52.934285 0
60.952278 0
45.047318 0
47.168511 0
50.498257 0
47.482622 0
42.246683 0
50.342815 0
44.688481 0
52.367962 0
45.402879 0
57.749672 0
46.083734 0
48.389692 0
54.067586 0
43.845678 0
51.137300 0
56.535714 0
41.962584 0
50.923169 0
51.299414 0
53.909114 0
43.815246 0
43.397717 0
52.609708 0
51.484923 0
51.252464 0
51.732241 0
46.599876 0
51.161268 0
51.465362 0
46.428243 0
59.328873 0
52.369165 0
44.043483 0
53.282768 0
45.126592 0
53.935423 0
55.792978 0
45.896588 0
54.816881 0
52.063905 0
54.110301 0
59.483965 0
48.773059 0
46.231319 0
45.552428 0
45.920949 0
49.614491 0
51.705760 0
51.383454 0
54.135916 0
50.065009 0
57.267670 0
48.676716 0
63.600846 0
53.128337 0
45.714212 0
44.645538 0
52.412362 0
48.882686 0
53.570002 0
52.366188 0
49.635855 0
45.766031 0
42.425764 0
47.767425 0
54.281994 0
51.070469 0
43.771306 0
50.865905 0
51.926587 0
45.580713 0
50.768626 0
50.291044 0
44.285149 0
51.788937 0
52.803923 0
55.415256 0
55.269010 0
43.111653 0
45.310875 0
52.575176 0
52.568930 0
52.575238 0
69.263657 0
52.854453 0
55.677828 0
54.770009 0
53.256956 0
48.423654 0
53.794846 0
46.135874 0
48.815907 0
47.573182 0
50.409371 0
61.573293 0
40.663674 0
53.431301 0
41.936421 0
47.640341 0
55.444753 0
50.321400 0
44.611276 0
46.423481 0
53.397989 0
46.348167 0
51.082293 0
50.227859 0
46.741998 0
60.719720 0
53.169595 0
39.874287 0
50.932272 0
46.691068 0
54.262167 0
46.037396 0
49.426318 0
52.524936 0
54.328776 0
43.998518 0
48.327494 0
47.625273 0
46.733354 0
58.827271 0
52.024909 0
18.695580 1
29.589310 1
35.610781 1
30.162326 1
17.403150 1
47.578830 0
56.334556 0
46.461653 0
52.219097 0
53.873170 0
45.365348 0
49.702373 0
33.793663 0
44.878062 0
48.737159 0
43.761084 0
58.162057 0
42.849293 0
47.799778 0
50.653703 0
57.206366 0
42.820689 0
55.815819 0
50.051165 0
45.092457 0
52.310517 0
50.995298 0
46.998916 0
50.349010 0
48.073432 0
50.567587 0
53.310653 0
57.930084 0
43.810923 0
60.665167 0
40.239561 0
49.241075 0
52.941586 0
51.404959 0
46.886502 0
48.959389 0
47.534995 0
47.053176 0
54.248010 0
51.785077 0
46.535452 0
54.497999 0
51.536498 0
54.064311 0
53.148144 0
45.855025 0
47.199095 0
53.736468 0
53.051851 0
49.895492 0
50.586637 0
56.388324 0
47.042143 0
52.735487 0
48.989037 0
48.911594 0
55.493884 0
54.127082 0
54.067548 0
56.527394 0
50.105019 0
53.409765 0
48.448666 0
51.620832 0
49.349285 0
50.484980 0
52.975785 0
45.908897 0
60.461936 0
44.969913 0
43.929057 0
55.790554 0
53.958313 0
53.120599 0
53.141728 0
49.938766 0
45.513728 0
50.379023 0
46.614191 0
54.875599 0
49.264713 0
45.872514 0
48.393071 0
52.064657 0
47.181377 0
45.888898 0
51.218436 0
51.224833 0
47.465284 0
47.644808 0
51.160250 0
42.759578 0
42.962681 0
46.407779 0
48.932764 0
51.554538 0
57.376781 0
54.288298 0
49.200307 0
49.904919 0
44.987353 0
49.907434 0
48.556707 0
51.613593 0
45.863845 0
52.596733 0
57.663695 0
49.456199 0
52.008559 0
53.450720 0
47.993898 0
51.120462 0
50.062962 0
50.488380 0
46.134951 0
50.122551 0
52.489991 0
57.255718 0
54.796354 0
60.765912 0
46.163262 0
54.361603 0
50.916710 0
60.949015 0
45.958509 0
45.801391 0
47.003037 0
39.380521 0
47.371225 0
46.204337 0
50.751969 0
51.708780 0
59.380854 0
54.752119 0
47.115482 0
45.507927 0
52.459596 0
43.398834 0
59.157294 0
55.897201 0
47.654122 0
41.434327 0
56.769362 0
49.427301 0
56.189082 0
62.027862 1
67.003125 1
70.026218 1
50.234903 0
47.749673 0
53.114250 0
44.661898 0
49.288103 0
50.601478 0
52.572194 0
53.558074 0
44.376790 0
42.329429 0
56.388384 0
51.661570 0
46.257567 0
57.755760 0
50.578373 0
55.896486 0
50.337592 0
60.303740 0
58.776704 0
48.755179 0
54.857855 0
53.226880 0
56.843158 0
45.175383 0
53.430257 0
55.292122 0
41.206303 0
44.083707 0
39.803839 0
48.652966 0
53.587711 0
57.511785 0
50.370474 0
58.143078 0
43.099493 0
41.483088 0
49.722262 0
51.920327 0
49.836526 0
39.662789 0
49.554400 0
43.477652 0
53.348363 0
51.832991 0
45.300601 0
47.430665 0
44.703932 0
49.686605 0
54.775712 0
45.071370 0
52.520233 0
47.348712 0
46.035636 0
49.464848 0
44.823788 0
47.231753 0
44.010611 0
59.823626 0
50.176318 0
46.501372 0
51.069900 0
49.438360 0
48.895152 0
53.070834 0
53.787539 0
47.347494 0
47.120909 0
48.624742 0
38.490394 0
42.424045 0
56.834371 0
58.224839 0
48.754820 0
52.882785 0
51.556251 0
65.394404 0
55.597875 0
49.360412 0
45.222298 0
41.967768 0
51.017318 0
46.218246 0
42.888731 0
46.767136 0
44.592260 0
58.435708 0
54.408199 0
49.960137 0
57.399721 0
50.386842 0
45.693579 0
57.615620 0
52.694550 0
44.813769 0
49.048307 0
45.621909 0
43.086001 0
